Cargando información del sistema...

Productos cargados
Clientes cargados
Usuarios cargados

=========== LOGIN ===========
Usuario: Contraseña: 
Login correcto
ALERTA: stock mínimo de Dolex
ALERTA: stock mínimo de Amoxicilina
ALERTA: stock mínimo de Loratadina
ALERTA: stock mínimo de Diclofenaco
ALERTA: Dolex próximo a vencer
ALERTA: Ibuprofeno próximo a vencer
ALERTA: Amoxicilina próximo a vencer
ALERTA: Acetaminofen próximo a vencer
ALERTA: Omeprazol próximo a vencer
ALERTA: Loratadina próximo a vencer
ALERTA: VitaminaC próximo a vencer
ALERTA: Diclofenaco próximo a vencer
ALERTA: Aspirina próximo a vencer
ALERTA: Naproxeno próximo a vencer

==============================
      SISTEMA FARMACIA
==============================
1. Ver productos
2. Ver clientes
3. Buscar producto
4. Registrar venta
5. Acumular puntos
6. Ver alertas
7. Salir

Seleccione opción: 
===== DEMOSTRACIÓN CONVENIOS =====
Sofka (Empresa)	Descuento	Precio: 100000	Descuento: 10000	Total: 90000
Bancolombia (Banco)	Descuento	Precio: 100000	Descuento: 8000	Total: 92000
Coomeva (Cooperativa)	Descuento	Precio: 100000	Descuento: 12000	Total: 88000
Mutual Ser (Mutual)	Descuento	Precio: 100000	Descuento: 7000	Total: 93000
UPB (Universidad)	Descuento	Precio: 100000	Descuento: 15000	Total: 85000
Sin convenio	Precio: 100000	Descuento: 0	Total: 100000

==============================
      SISTEMA FARMACIA
==============================
1. Ver productos
2. Ver clientes
3. Buscar producto
4. Registrar venta
5. Acumular puntos
6. Ver alertas
7. Salir

Seleccione opción: 
Saliendo del sistema...

FIN DEL SISTEMA
